device: mps
note: phrasebank is licensed for non-commercial use only
dataset: {'dataset': 'phrasebank', 'n_train': 1811, 'n_test': 453, 'n_classes': 3, 'minority_label': 0, 'minority_name': 'negative', 'minority_count': 242, 'imbalance_ratio': 4.599173553719008, 'train_class_counts': [242, 1113, 456]}
Warning: You are sending unauthenticated requests to the HF Hub. Please set a HF_TOKEN to enable higher rate limits and faster downloads.
Loading weights:   0%|          | 0/202 [00:00<?, ?it/s]Loading weights: 100%|██████████| 202/202 [00:00<00:00, 5867.99it/s]
[transformers] [1mBertForMaskedLM LOAD REPORT[0m from: bert-base-uncased
Key                         | Status     |  | 
----------------------------+------------+--+-
cls.seq_relationship.bias   | UNEXPECTED |  | 
cls.seq_relationship.weight | UNEXPECTED |  | 
bert.pooler.dense.bias      | UNEXPECTED |  | 
bert.pooler.dense.weight    | UNEXPECTED |  | 

Notes:
- UNEXPECTED:	can be ignored when loading from different task/architecture; not ok if you expect identical arch.
encoder: reusing the fill model's body (bert-base-uncased)

=== arm: baseline ===
  n_train=1811  minority_rate=0.1336
  complexity: kDN=0.2711  CM=0.2275  SI=0.8084  degOver=0.6002  D3_rate=0.2275  D3_count=412.0000  C1=0.2525  C2=0.9929  N2=0.4669  LSC=0.9959  R_value=0.1555  safe=0.6052  borderline=0.2938  rare=0.0690  outlier=0.0320  F1v=0.0115  F2=0.0000  F3=1.3773  input_noise=0.6489  F1=0.9204  T1=0.9978

=== arm: duplicate ===
  n_train=3622  minority_rate=0.1336
  complexity: kDN=0.1970  CM=0.1115  SI=0.8885  degOver=0.3810  D3_rate=0.1115  D3_count=404.0000  C1=0.1288  C2=0.5375  N2=0.0000  LSC=0.9959  R_value=0.0699  safe=0.6190  borderline=0.2695  rare=0.1115  outlier=0.0000  F1v=0.0115  F2=0.0000  F3=1.3773  input_noise=0.6489  F1=0.9204  T1=0.4989

=== arm: uniform ===
  n_train=3622  minority_rate=0.1336
  complexity: kDN=0.2048  CM=0.1535  SI=0.8609  degOver=0.4710  D3_rate=0.1535  D3_count=556.0000  C1=0.1349  C2=0.8646  N2=0.2393  LSC=0.9965  R_value=0.1076  safe=0.6742  borderline=0.2526  rare=0.0726  outlier=0.0006  F1v=0.0208  F2=0.0000  F3=1.3991  input_noise=0.6536  F1=0.9236  T1=0.9042

=== arm: minority ===
  n_train=3138  minority_rate=0.5000
  complexity: kDN=0.1768  CM=0.1546  SI=0.8607  degOver=0.3531  D3_rate=0.1546  D3_count=485.0000  C1=0.1464  C2=0.8643  N2=0.3903  LSC=0.9968  R_value=0.1643  safe=0.7702  borderline=0.1303  rare=0.0523  outlier=0.0472  F1v=0.0234  F2=0.0000  F3=1.4482  input_noise=0.6600  F1=0.9232  T1=0.9245

=== training: baseline (n=1811) ===
    seed 0
Loading weights:   0%|          | 0/199 [00:00<?, ?it/s]Loading weights: 100%|██████████| 199/199 [00:00<00:00, 5024.27it/s]
[transformers] [1mBertForSequenceClassification LOAD REPORT[0m from: bert-base-uncased
Key                                        | Status     | 
-------------------------------------------+------------+-
cls.seq_relationship.bias                  | UNEXPECTED | 
cls.predictions.transform.LayerNorm.bias   | UNEXPECTED | 
cls.predictions.transform.dense.bias       | UNEXPECTED | 
cls.seq_relationship.weight                | UNEXPECTED | 
cls.predictions.transform.LayerNorm.weight | UNEXPECTED | 
cls.predictions.bias                       | UNEXPECTED | 
cls.predictions.transform.dense.weight     | UNEXPECTED | 
classifier.weight                          | MISSING    | 
classifier.bias                            | MISSING    | 

Notes:
- UNEXPECTED:	can be ignored when loading from different task/architecture; not ok if you expect identical arch.
- MISSING:	those params were newly initialized because missing from the checkpoint. Consider training on your downstream task.
      epoch 1/3  loss 0.5834
      epoch 2/3  loss 0.1444
      epoch 3/3  loss 0.0529
      macro_f1=0.9566  minority_f1=0.9677
    seed 1
Loading weights:   0%|          | 0/199 [00:00<?, ?it/s]Loading weights:  78%|███████▊  | 156/199 [00:00<00:00, 1232.29it/s]Loading weights: 100%|██████████| 199/199 [00:00<00:00, 1503.64it/s]
[transformers] [1mBertForSequenceClassification LOAD REPORT[0m from: bert-base-uncased
Key                                        | Status     | 
-------------------------------------------+------------+-
cls.seq_relationship.bias                  | UNEXPECTED | 
cls.predictions.transform.LayerNorm.bias   | UNEXPECTED | 
cls.predictions.transform.dense.bias       | UNEXPECTED | 
cls.seq_relationship.weight                | UNEXPECTED | 
cls.predictions.transform.LayerNorm.weight | UNEXPECTED | 
cls.predictions.bias                       | UNEXPECTED | 
cls.predictions.transform.dense.weight     | UNEXPECTED | 
classifier.weight                          | MISSING    | 
classifier.bias                            | MISSING    | 

Notes:
- UNEXPECTED:	can be ignored when loading from different task/architecture; not ok if you expect identical arch.
- MISSING:	those params were newly initialized because missing from the checkpoint. Consider training on your downstream task.
      epoch 1/3  loss 0.7043
      epoch 2/3  loss 0.1525
      epoch 3/3  loss 0.0527
      macro_f1=0.9635  minority_f1=0.9606
    seed 2
Loading weights:   0%|          | 0/199 [00:00<?, ?it/s]Loading weights: 100%|██████████| 199/199 [00:00<00:00, 6485.92it/s]
[transformers] [1mBertForSequenceClassification LOAD REPORT[0m from: bert-base-uncased
Key                                        | Status     | 
-------------------------------------------+------------+-
cls.seq_relationship.bias                  | UNEXPECTED | 
cls.predictions.transform.LayerNorm.bias   | UNEXPECTED | 
cls.predictions.transform.dense.bias       | UNEXPECTED | 
cls.seq_relationship.weight                | UNEXPECTED | 
cls.predictions.transform.LayerNorm.weight | UNEXPECTED | 
cls.predictions.bias                       | UNEXPECTED | 
cls.predictions.transform.dense.weight     | UNEXPECTED | 
classifier.weight                          | MISSING    | 
classifier.bias                            | MISSING    | 

Notes:
- UNEXPECTED:	can be ignored when loading from different task/architecture; not ok if you expect identical arch.
- MISSING:	those params were newly initialized because missing from the checkpoint. Consider training on your downstream task.
      epoch 1/3  loss 0.5585
      epoch 2/3  loss 0.1177
      epoch 3/3  loss 0.0450
      macro_f1=0.9648  minority_f1=0.9677

=== training: duplicate (n=3622) ===
    seed 0
Loading weights:   0%|          | 0/199 [00:00<?, ?it/s]Loading weights: 100%|██████████| 199/199 [00:00<00:00, 6712.78it/s]
[transformers] [1mBertForSequenceClassification LOAD REPORT[0m from: bert-base-uncased
Key                                        | Status     | 
-------------------------------------------+------------+-
cls.seq_relationship.bias                  | UNEXPECTED | 
cls.predictions.transform.LayerNorm.bias   | UNEXPECTED | 
cls.predictions.transform.dense.bias       | UNEXPECTED | 
cls.seq_relationship.weight                | UNEXPECTED | 
cls.predictions.transform.LayerNorm.weight | UNEXPECTED | 
cls.predictions.bias                       | UNEXPECTED | 
cls.predictions.transform.dense.weight     | UNEXPECTED | 
classifier.weight                          | MISSING    | 
classifier.bias                            | MISSING    | 

Notes:
- UNEXPECTED:	can be ignored when loading from different task/architecture; not ok if you expect identical arch.
- MISSING:	those params were newly initialized because missing from the checkpoint. Consider training on your downstream task.
